2026-03-30 20:20:02,243 - INFO - Opening login page
